TAP version 13
# Subtest: postgres: VR1/MET1 uniqueness and CHECKs (postgres:17.11-bookworm)
    # Subtest: voice version uniqueness and sip cannot be ready
    ok 1 - voice version uniqueness and sip cannot be ready
      ---
      duration_ms: 46.230001
      type: 'test'
      ...
    # Subtest: metric uniqueness, weight check and reanalysis child run
    ok 2 - metric uniqueness, weight check and reanalysis child run
      ---
      duration_ms: 55.618323
      type: 'test'
      ...
    1..2
ok 1 - postgres: VR1/MET1 uniqueness and CHECKs (postgres:17.11-bookworm)
  ---
  duration_ms: 8558.524003
  type: 'test'
  ...
1..1
# tests 3
# suites 0
# pass 3
# fail 0
# cancelled 0
# skipped 0
# todo 0
# duration_ms 8567.091704
