TAP version 13
# Subtest: mysql: DB-03 writer + live charge (mysql:8.4.11)
    # Subtest: queue_log and cel exist; cdr is not recreated
    ok 1 - queue_log and cel exist; cdr is not recreated
      ---
      duration_ms: 7.665654
      type: 'test'
      ...
    # Subtest: portable CDR/queue_log/CEL writer is unique on replay
    ok 2 - portable CDR/queue_log/CEL writer is unique on replay
      ---
      duration_ms: 53.354933
      type: 'test'
      ...
    # Subtest: BillingBalanceService.charge operationKey is unique and does not double-debit
    ok 3 - BillingBalanceService.charge operationKey is unique and does not double-debit
      ---
      duration_ms: 46.327293
      type: 'test'
      ...
    1..3
ok 1 - mysql: DB-03 writer + live charge (mysql:8.4.11)
  ---
  duration_ms: 75619.231115
  type: 'test'
  ...
1..1
# tests 4
# suites 0
# pass 4
# fail 0
# cancelled 0
# skipped 0
# todo 0
# duration_ms 75626.539709
