TAP version 13
# Subtest: postgres: DB-03 writer + live charge (postgres:17.11-bookworm)
    # Subtest: queue_log and cel exist; cdr is not recreated
    ok 1 - queue_log and cel exist; cdr is not recreated
      ---
      duration_ms: 8.116157
      type: 'test'
      ...
    # Subtest: portable CDR/queue_log/CEL writer is unique on replay
    ok 2 - portable CDR/queue_log/CEL writer is unique on replay
      ---
      duration_ms: 22.315714
      type: 'test'
      ...
    # Subtest: BillingBalanceService.charge operationKey is unique and does not double-debit
    ok 3 - BillingBalanceService.charge operationKey is unique and does not double-debit
      ---
      duration_ms: 16.280144
      type: 'test'
      ...
    1..3
ok 1 - postgres: DB-03 writer + live charge (postgres:17.11-bookworm)
  ---
  duration_ms: 12833.781685
  type: 'test'
  ...
1..1
# tests 4
# suites 0
# pass 4
# fail 0
# cancelled 0
# skipped 0
# todo 0
# duration_ms 12842.724325
