TAP version 13
# Subtest: mysql: REP/INT/RT/TOOL uniqueness (mysql:8.4.11)
    # Subtest: report slot unique, budget and capture policy
    ok 1 - report slot unique, budget and capture policy
      ---
      duration_ms: 219.862835
      type: 'test'
      ...
    # Subtest: sip DID unique and invocation replay key
    ok 2 - sip DID unique and invocation replay key
      ---
      duration_ms: 181.509156
      type: 'test'
      ...
    # Subtest: tool binding and knowledge ACL uniqueness
    ok 3 - tool binding and knowledge ACL uniqueness
      ---
      duration_ms: 147.668478
      type: 'test'
      ...
    1..3
ok 1 - mysql: REP/INT/RT/TOOL uniqueness (mysql:8.4.11)
  ---
  duration_ms: 70326.716964
  type: 'test'
  ...
1..1
# tests 4
# suites 0
# pass 4
# fail 0
# cancelled 0
# skipped 0
# todo 0
# duration_ms 70333.714307
