TAP version 13
# Subtest: postgres: REP/INT/RT/TOOL uniqueness (postgres:17.11-bookworm)
    # Subtest: report slot unique, budget and capture policy
    ok 1 - report slot unique, budget and capture policy
      ---
      duration_ms: 57.374012
      type: 'test'
      ...
    # Subtest: sip DID unique and invocation replay key
    ok 2 - sip DID unique and invocation replay key
      ---
      duration_ms: 43.001374
      type: 'test'
      ...
    # Subtest: tool binding and knowledge ACL uniqueness
    ok 3 - tool binding and knowledge ACL uniqueness
      ---
      duration_ms: 37.371294
      type: 'test'
      ...
    1..3
ok 1 - postgres: REP/INT/RT/TOOL uniqueness (postgres:17.11-bookworm)
  ---
  duration_ms: 9656.439419
  type: 'test'
  ...
1..1
# tests 4
# suites 0
# pass 4
# fail 0
# cancelled 0
# skipped 0
# todo 0
# duration_ms 9664.408873
