TAP version 13
# Subtest: mysql: I2 backup/restore matrix (mysql:8.4.11)
    # Subtest: backup then restore keeps schema, ledger, jobs, assets, licenses, objects
    ok 1 - backup then restore keeps schema, ledger, jobs, assets, licenses, objects
      ---
      duration_ms: 70784.020183
      type: 'test'
      ...
    # Subtest: restore without key leaves ciphertext unread and fails closed
    ok 2 - restore without key leaves ciphertext unread and fails closed
      ---
      duration_ms: 123387.595237
      type: 'test'
      ...
    # Subtest: cross-engine restore is refused
    ok 3 - cross-engine restore is refused
      ---
      duration_ms: 0.95774
      type: 'test'
      ...
    1..3
ok 1 - mysql: I2 backup/restore matrix (mysql:8.4.11)
  ---
  duration_ms: 228891.862614
  type: 'test'
  ...
# {"image":"mysql:8.4.11","server":"8.4.11"}
1..1
# tests 4
# suites 0
# pass 4
# fail 0
# cancelled 0
# skipped 0
# todo 0
# duration_ms 228899.759243
